ARM Linker, RVCT3.1 [Build 934] for uVision [Professional]

================================================================================

Section Cross References

    s3c2440a.o(STACK) refers (Special) to stkheap2.o(.text) for __use_two_region_memory
    s3c2440a.o(HEAP) refers (Special) to stkheap2.o(.text) for __use_two_region_memory
    s3c2440a.o(RESET) refers to s3c2440a.o(STACK) for Stack_Top
    s3c2440a.o(RESET) refers to xmain.o(.text) for Main
    s3c2440a.o(RESET) refers (Special) to stkheap2.o(.text) for __use_two_region_memory
    s3c2440a.o(.text) refers to s3c2440a.o(HEAP) for Heap_Mem
    s3c2440a.o(.text) refers to s3c2440a.o(STACK) for Stack_Mem
    s3c2440a.o(.text) refers (Special) to stkheap2.o(.text) for __use_two_region_memory
    2440lib.o(.text) refers to aeabi_sdiv.o(.text) for __aeabi_idivmod
    2440lib.o(.text) refers to c89vsprintf.o(.text) for __c89vsprintf
    2440lib.o(.text) refers to dflt_noclz.o(x$fpl$dflt) for __aeabi_i2d
    2440lib.o(.text) refers to pow.o(i.pow) for pow
    2440lib.o(.text) refers to dfix.o(x$fpl$dfix) for __aeabi_d2iz
    2440lib.o(.text) refers to strlen.o(.text) for strlen
    2440lib.o(.text) refers to rt_ctype_table.o(.text) for __rt_ctype_table
    2440lib.o(.text) refers to 2440lib.o(.data) for .data
    2440lib.o(.text) refers to 2440slib.o(C$$code) for MMU_SetAsyncBusMode
    2440lib.o(.text) refers to dflt_noclz.o(x$fpl$dfltu) for __aeabi_ui2d
    2440lib.o(.text) refers to dmul.o(x$fpl$dmul) for __aeabi_dmul
    2440lib.o(.text) refers to ddiv.o(x$fpl$ddiv) for __aeabi_ddiv
    2440lib.o(.text) refers to daddsub_noclz.o(x$fpl$dadd) for __aeabi_dadd
    2440lib.o(.text) refers to daddsub_noclz.o(x$fpl$drsb) for __aeabi_drsub
    ac97.o(.text) refers to aeabi_sdiv.o(.text) for __aeabi_idivmod
    ac97.o(.text) refers to 2440lib.o(.text) for Delay
    ac97.o(.text) refers to ac97.o(.data) for save_AC97_rGPECON
    ac97.o(.text) refers to ac97.o(.constdata) for .constdata
    ac97.o(.data) refers to ac97.o(.text) for PCMout_Test_AC97
    ac97.o(.data) refers to ac97.o(.conststring) for .conststring
    adcts.o(.text) refers to 2440lib.o(.text) for Uart_Printf
    adcts.o(.text) refers to adcts.o(.data) for .data
    am29f800.o(.text) refers to 2440lib.o(.text) for Uart_Printf
    am29f800.o(.text) refers to flash.o(.data) for downloadProgramSize
    am29f800.o(.text) refers to am29f800.o(.constdata) for .constdata
    am29f800.o(.text) refers to am29f800.o(.data) for .data
    camif.o(.text) refers to lcd.o(.text) for Lcd_Start
    camif.o(.text) refers to 2440lib.o(.text) for Uart_Printf
    camif.o(.text) refers to glib.o(.text) for Glib_FilledRectangle
    camif.o(.text) refers to aeabi_sdiv.o(.text) for __aeabi_idivmod
    camif.o(.text) refers to lcdlib.o(.text) for MoveViewPort
    camif.o(.text) refers to camif.o(.constdata) for .constdata
    camif.o(.text) refers to glib.o(.data) for PutPixel
    camif.o(.text) refers to aeabi_sdiv.o(.text_udiv) for __aeabi_uidivmod
    camif.o(.text) refers to camif.o(.data) for camCodecStatus
    camif.o(.text) refers to lcdlib.o(.data) for frameBuffer16BitTft240320
    camif.o(.text) refers to camproset.o(.text) for CameraModuleSetting
    camif.o(.data) refers to camif.o(.text) for Test_CamPreview
    camif.o(.data) refers to camif.o(.conststring) for .conststring
    camif.o(.data) refers to camproset.o(.text) for Camera_Iic_Test
    camproset.o(.text) refers to 2440lib.o(.text) for Uart_Printf
    camproset.o(.text) refers to camproset.o(.data) for .data
    camproset.o(.text) refers to camproset.o(.bss) for .bss
    camproset.o(.text) refers to camproset.o(.constdata) for S5X532_YCbCr8bit
    camproset.o(.data) refers to camproset.o(.text) for Camera_WriteByte
    camproset.o(.data) refers to camproset.o(.conststring) for .conststring
    cpuspeed.o(.text) refers to 2440lib.o(.text) for ChangeClockDivider
    cpuspeed.o(.text) refers to 2440slib.o(C$$code) for MMU_EnableMMU
    dma.o(.text) refers to 2440lib.o(.text) for Uart_Printf
    dma.o(.text) refers to fflt_noclz.o(x$fpl$fflt) for __aeabi_i2f
    dma.o(.text) refers to fdiv.o(x$fpl$fdiv) for __aeabi_fdiv
    dma.o(.text) refers to f2d.o(x$fpl$f2d) for __aeabi_f2d
    dma.o(.text) refers to ddiv.o(x$fpl$ddiv) for __aeabi_ddiv
    dma.o(.text) refers to dma.o(.data) for .data
    dvstest.o(.text) refers to 2440lib.o(.text) for Uart_Printf
    dvstest.o(.text) refers to fflt_noclz.o(x$fpl$ffltu) for __aeabi_ui2f
    dvstest.o(.text) refers to fdiv.o(x$fpl$fdiv) for __aeabi_fdiv
    dvstest.o(.text) refers to f2d.o(x$fpl$f2d) for __aeabi_f2d
    dvstest.o(.text) refers to dmul.o(x$fpl$dmul) for __aeabi_dmul
    dvstest.o(.text) refers to ddiv.o(x$fpl$ddiv) for __aeabi_ddiv
    dvstest.o(.text) refers to dfixu.o(x$fpl$dfixu) for __aeabi_d2uiz
    dvstest.o(.text) refers to dvstest.o(.data) for Idle_flag
    dvstest.o(.text) refers to userlib.o(.data) for Hclk
[...]
    Firm_DVS_Onoff                           0x30029c24   ARM Code     756  user_test2.o(.text)
    DVS_Onoff_Man                            0x30029f18   ARM Code     324  user_test2.o(.text)
    SwReset                                  0x3002a0a0   ARM Code      32  user_test.o(.text)
    User_Test                                0x3002a0c0   ARM Code     248  user_test.o(.text)
    Manset_Usage                             0x3002a270   ARM Code     360  userlib.o(.text)
    Get_Num                                  0x3002a3d8   ARM Code     348  userlib.o(.text)
    Get_Cmd                                  0x3002a534   ARM Code     460  userlib.o(.text)
    Execute_Precmd                           0x3002a700   ARM Code     240  userlib.o(.text)
    Manual_Register_Set                      0x3002a7f0   ARM Code     480  userlib.o(.text)
    Uart_AppendString                        0x3002a9d0   ARM Code     112  userlib.o(.text)
    Memory_Dump                              0x3002aa40   ARM Code     120  userlib.o(.text)
    Multimem_Write                           0x3002aab8   ARM Code     164  userlib.o(.text)
    Fill_Memory                              0x3002ab5c   ARM Code     320  userlib.o(.text)
    Halfword_Read                            0x3002ac9c   ARM Code      40  userlib.o(.text)
    Halfword_Write                           0x3002acc4   ARM Code      64  userlib.o(.text)
    Halfword_Write_Multi                     0x3002ad04   ARM Code     104  userlib.o(.text)
    Word_Write                               0x3002ad6c   ARM Code      96  userlib.o(.text)
    Word_Write_Or                            0x3002adcc   ARM Code     112  userlib.o(.text)
    Word_Read                                0x3002ae3c   ARM Code      80  userlib.o(.text)
    user_delay                               0x3002ae8c   ARM Code     172  userlib.o(.text)
    Calc_Clock                               0x3002af38   ARM Code    1532  userlib.o(.text)
    Init_Ticker                              0x3002b578   ARM Code     244  userlib.o(.text)
    Ticker_Stop                              0x3002b66c   ARM Code      60  userlib.o(.text)
    Show_Menu                                0x3002b6d4   ARM Code     700  xmain.o(.text)
    Clk1_Enable                              0x3002b990   ARM Code      48  xmain.o(.text)
    Clk0_Enable                              0x3002b9c0   ARM Code      48  xmain.o(.text)
    HaltDabort                               0x3002b9f0   ARM Code      20  xmain.o(.text)
    HaltPabort                               0x3002ba04   ARM Code      20  xmain.o(.text)
    HaltSwi                                  0x3002ba18   ARM Code      20  xmain.o(.text)
    HaltUndef                                0x3002ba2c   ARM Code      20  xmain.o(.text)
    Isr_Init                                 0x3002ba40   ARM Code      60  xmain.o(.text)
    Main                                     0x3002ba7c   ARM Code    1636  xmain.o(.text)
    Clk0_Disable                             0x3002c0e0   ARM Code      24  xmain.o(.text)
    Clk1_Disable                             0x3002c0f8   ARM Code      24  xmain.o(.text)
    Inline Thumb to ARM Veneer to __rt_ctype_table 0x3002c131   Thumb Code     0  rt_ctype_table.o(.text)
    __rt_ctype_table                         0x3002c134   ARM Code      24  rt_ctype_table.o(.text)
    Inline ARM to Thumb Veneer to malloc     0x3002c14c   ARM Code       0  h1_alloc.o(.text)
    malloc                                   0x3002c155   Thumb Code   110  h1_alloc.o(.text)
    Inline ARM to Thumb Veneer to atoi       0x3002c1c4   ARM Code       0  atoi.o(.text)
    atoi                                     0x3002c1cd   Thumb Code    30  atoi.o(.text)
    Inline ARM to Thumb Veneer to __c89vsprintf 0x3002c1ec   ARM Code       0  c89vsprintf.o(.text)
    __c89vsprintf                            0x3002c1f5   Thumb Code    38  c89vsprintf.o(.text)
    qsort                                    0x3002c425   Thumb Code   144  qsortnoex.o(.text)
    Inline ARM to Thumb Veneer to rand       0x3002c4b4   ARM Code       0  rand.o(.text)
    srand                                    0x3002c4bd   Thumb Code    42  rand.o(.text)
    _rand_init                               0x3002c4e7   Thumb Code     4  rand.o(.text)
    rand                                     0x3002c4eb   Thumb Code    56  rand.o(.text)
    __aeabi_memcpy4                          0x3002c534   ARM Code       0  rt_memcpy_w.o(.text)
    __aeabi_memcpy8                          0x3002c534   ARM Code       0  rt_memcpy_w.o(.text)
    __rt_memcpy_w                            0x3002c534   ARM Code     100  rt_memcpy_w.o(.text)
    _memcpy_lastbytes_aligned                0x3002c580   ARM Code       0  rt_memcpy_w.o(.text)
    Inline ARM to Thumb Veneer to strcpy     0x3002c598   ARM Code       0  strcpy.o(.text)
    strcpy                                   0x3002c5a1   Thumb Code    74  strcpy.o(.text)
    Inline ARM to Thumb Veneer to strlen     0x3002c5f0   ARM Code       0  strlen.o(.text)
    strlen                                   0x3002c5f9   Thumb Code    68  strlen.o(.text)
    strcmp                                   0x3002c640   ARM Code     156  strcmp.o(.text)
    Inline Thumb to ARM Veneer to __aeabi_idivmod 0x3002c6e1   Thumb Code     0  aeabi_sdiv.o(.text)
    __aeabi_idiv                             0x3002c6e4   ARM Code       0  aeabi_sdiv.o(.text)
    __aeabi_idivmod                          0x3002c6e4   ARM Code     384  aeabi_sdiv.o(.text)
    __use_two_region_memory                  0x3002c864   ARM Code       4  stkheap2.o(.text)
    __rt_stackheap_init                      0x3002c868   ARM Code      36  stkheap2.o(.text)
    __rt_heap_extend                         0x3002c88c   ARM Code      24  stkheap2.o(.text)
    __user_setup_stackheap                   0x3002c8a4   ARM Code      96  sys_stackheap_outer.o(.text)
    Inline Thumb to ARM Veneer to __aeabi_errno_addr 0x3002c905   Thumb Code     0  rt_errno_addr_intlibspace.o(.text)
    __aeabi_errno_addr                       0x3002c908   ARM Code      12  rt_errno_addr_intlibspace.o(.text)
    __rt_errno_addr_intlibspace              0x3002c908   ARM Code       0  rt_errno_addr_intlibspace.o(.text)
    Inline Thumb to ARM Veneer to __rt_heap_descriptor 0x3002c919   Thumb Code     0  rt_heap_descriptor_intlibspace.o(.text)
    __rt_heap_descriptor                     0x3002c91c   ARM Code      12  rt_heap_descriptor_intlibspace.o(.text)
    __rt_stackheap_storage                   0x3002c92c   ARM Code      12  rt_stackheap_storage_intlibspace.o(.text)
    Inline Thumb to ARM Veneer to __rt_locale 0x3002c93d   Thumb Code     0  rt_locale_intlibspace.o(.text)
    __rt_locale                              0x3002c940   ARM Code      12  rt_locale_intlibspace.o(.text)
    _terminate_user_alloc                    0x3002c951   Thumb Code     2  init_alloc.o(.text)
    _init_user_alloc                         0x3002c953   Thumb Code     2  init_alloc.o(.text)
    __Heap_Full                              0x3002c955   Thumb Code    34  init_alloc.o(.text)
    __Heap_Broken                            0x3002c977   Thumb Code    14  init_alloc.o(.text)
    _init_alloc                              0x3002c985   Thumb Code    88  init_alloc.o(.text)
    __use_no_heap                            0x3002c9dd   Thumb Code     2  hguard.o(.text)
    __heap_guard                             0x3002c9df   Thumb Code     2  hguard.o(.text)
    __Heap_Initialize                        0x3002c9e1   Thumb Code    10  h1_init.o(.text)
    __Heap_DescSize                          0x3002c9eb   Thumb Code     4  h1_init.o(.text)
    free                                     0x3002c9ef   Thumb Code    84  h1_free.o(.text)
    Inline ARM to Thumb Veneer to __set_errno 0x3002ca44   ARM Code       0  _rserrno.o(.text)
    __read_errno                             0x3002ca4d   Thumb Code    14  _rserrno.o(.text)
    __set_errno                              0x3002ca5b   Thumb Code    12  _rserrno.o(.text)
    _printf_pre_padding                      0x3002ca67   Thumb Code    48  _printf_pad.o(.text)
    _printf_post_padding                     0x3002ca97   Thumb Code    36  _printf_pad.o(.text)
    _printf_truncate_signed                  0x3002cabb   Thumb Code    22  _printf_truncate.o(.text)
    _printf_truncate_unsigned                0x3002cad1   Thumb Code    22  _printf_truncate.o(.text)
    _printf_str                              0x3002cae7   Thumb Code    94  _printf_str.o(.text)
    _printf_wctomb                           0x3002cb45   Thumb Code   188  _printf_wctomb.o(.text)
    _printf_longlong_hex                     0x3002cc05   Thumb Code   182  _printf_longlong_hex.o(.text)
    _printf_longlong_oct                     0x3002ccd1   Thumb Code   138  _printf_longlong_oct.o(.text)
    _printf_int_dec                          0x3002cd65   Thumb Code    98  _printf_dec.o(.text)
    _printf_longlong_dec                     0x3002cdd9   Thumb Code   124  _printf_longlong_dec.o(.text)
    _printf_charcount                        0x3002ce65   Thumb Code    36  _printf_charcount.o(.text)
    _printf_char_common                      0x3002ce89   Thumb Code    44  _printf_char_common.o(.text)
    _sputc                                   0x3002cebd   Thumb Code    10  _sputc.o(.text)
    strtol                                   0x3002cec9   Thumb Code   112  strtol.o(.text)
    __ARM_call_via_r0                        0x3002cf3d   Thumb Code     2  callvia.o(.text)
    __call_via_r0                            0x3002cf3d   Thumb Code     0  callvia.o(.text)
    __ARM_call_via_r1                        0x3002cf3f   Thumb Code     2  callvia.o(.text)
    __call_via_r1                            0x3002cf3f   Thumb Code     0  callvia.o(.text)
    __ARM_call_via_r2                        0x3002cf41   Thumb Code     2  callvia.o(.text)
    __call_via_r2                            0x3002cf41   Thumb Code     0  callvia.o(.text)
    __ARM_call_via_r3                        0x3002cf43   Thumb Code     2  callvia.o(.text)
    __call_via_r3                            0x3002cf43   Thumb Code     0  callvia.o(.text)
    __ARM_call_via_r4                        0x3002cf45   Thumb Code     2  callvia.o(.text)
    __call_via_r4                            0x3002cf45   Thumb Code     0  callvia.o(.text)
    __ARM_call_via_r5                        0x3002cf47   Thumb Code     2  callvia.o(.text)
    __call_via_r5                            0x3002cf47   Thumb Code     0  callvia.o(.text)
    __ARM_call_via_r6                        0x3002cf49   Thumb Code     2  callvia.o(.text)
    __call_via_r6                            0x3002cf49   Thumb Code     0  callvia.o(.text)
    __ARM_call_via_r7                        0x3002cf4b   Thumb Code     2  callvia.o(.text)
    __call_via_r7                            0x3002cf4b   Thumb Code     0  callvia.o(.text)
    __user_libspace                          0x3002cf4c   ARM Code       8  libspace.o(.text)
    __user_perproc_libspace                  0x3002cf4c   ARM Code       0  libspace.o(.text)
    __user_perthread_libspace                0x3002cf4c   ARM Code       0  libspace.o(.text)
    __Heap_ProvideMemory                     0x3002cf59   Thumb Code    54  h1_extend.o(.text)
    Inline Thumb to ARM Veneer to _ll_udiv10 0x3002cf91   Thumb Code     0  lludiv10.o(.text)
    _ll_udiv10                               0x3002cf94   ARM Code     160  lludiv10.o(.text)
    __printf                                 0x3002d035   Thumb Code   748  __printf.o(.text)
    _printf_return_value                     0x3002d321   Thumb Code     2  __printf.o(.text)
    _printf_percent                          0x3002d323   Thumb Code     2  __printf.o(.text)
    _printf_sizespec                         0x3002d325   Thumb Code     2  __printf.o(.text)
    _printf_int_common                       0x3002d32d   Thumb Code   168  _printf_intcommon.o(.text)
    __lib_sel_fp_printf                      0x3002d3d5   Thumb Code     2  _printf_fp_dec.o(.text)
    _printf_fp_dec_real                      0x3002d5bd   Thumb Code   696  _printf_fp_dec.o(.text)
    _printf_outstr_char                      0x3002d875   Thumb Code    32  _printf_outstr_char.o(.text)
    _printf_input_char                       0x3002d895   Thumb Code    10  _printf_input_char.o(.text)
    _strtoul                                 0x3002d89f   Thumb Code   166  _strtoul.o(.text)
    _wcrtomb                                 0x3002d945   Thumb Code    74  _wcrtomb.o(.text)
    __rt_SIGRTMEM                            0x3002d98f   Thumb Code    16  defsig_rtmem_outer.o(.text)
    Inline Thumb to ARM Veneer to __rt_udiv10 0x3002d9a1   Thumb Code     0  rtudiv10.o(.text)
    __rt_udiv10                              0x3002d9a4   ARM Code      44  rtudiv10.o(.text)
    Inline Thumb to ARM Veneer to __heap_extend 0x3002d9d1   Thumb Code     0  heapext.o(.text)
    __heap_extend                            0x3002d9d4   ARM Code      16  heapext.o(.text)
    _btod_etento                             0x3002d9e5   Thumb Code   196  bigflt0.o(.text)
    _chval                                   0x3002daad   Thumb Code    34  _chval.o(.text)
    __sig_exit                               0x3002dacf   Thumb Code    16  defsig_exit.o(.text)
    __rt_SIGRTMEM_inner                      0x3002dae1   Thumb Code    24  defsig_rtmem_inner.o(.text)
    Inline Thumb to ARM Veneer to _sys_exit  0x3002db31   Thumb Code     0  sys_exit.o(.text)
    _sys_exit                                0x3002db34   ARM Code      20  sys_exit.o(.text)
    __default_signal_display                 0x3002db4d   Thumb Code    56  defsig_general.o(.text)
    _ttywrch                                 0x3002db85   Thumb Code    16  sys_wrch.o(.text)
    __I_use_semihosting                      0x3002db94   ARM Code       0  use_no_semi.o(.text)
    __use_no_semihosting_swi                 0x3002db94   ARM Code       4  use_no_semi.o(.text)
    Inline Thumb to ARM Veneer to __aeabi_uidivmod 0x3002db99   Thumb Code     0  aeabi_sdiv.o(.text_udiv)
    __aeabi_uidiv                            0x3002db9c   ARM Code       0  aeabi_sdiv.o(.text_udiv)
    __aeabi_uidivmod                         0x3002db9c   ARM Code      28  aeabi_sdiv.o(.text_udiv)
    SDRAMtest                                0x3002dbb8   ARM Code       0  2440slib.o(C$$code)
    SET_IF                                   0x3002dbd8   ARM Code       0  2440slib.o(C$$code)
    WR_IF                                    0x3002dbec   ARM Code       0  2440slib.o(C$$code)
    CLR_IF                                   0x3002dbf4   ARM Code       0  2440slib.o(C$$code)
    MMU_EnableICache                         0x3002dc04   ARM Code       0  2440slib.o(C$$code)
    MMU_DisableICache                        0x3002dc14   ARM Code       0  2440slib.o(C$$code)
    MMU_EnableDCache                         0x3002dc24   ARM Code       0  2440slib.o(C$$code)
    MMU_DisableDCache                        0x3002dc34   ARM Code       0  2440slib.o(C$$code)
    MMU_EnableAlignFault                     0x3002dc44   ARM Code       0  2440slib.o(C$$code)
    MMU_DisableAlignFault                    0x3002dc54   ARM Code       0  2440slib.o(C$$code)
    MMU_EnableMMU                            0x3002dc64   ARM Code       0  2440slib.o(C$$code)
    MMU_DisableMMU                           0x3002dc74   ARM Code       0  2440slib.o(C$$code)
    MMU_SetFastBusMode                       0x3002dc84   ARM Code       0  2440slib.o(C$$code)
    MMU_SetAsyncBusMode                      0x3002dc94   ARM Code       0  2440slib.o(C$$code)
    MMU_SetTTBase                            0x3002dca4   ARM Code       0  2440slib.o(C$$code)
    MMU_SetDomain                            0x3002dcac   ARM Code       0  2440slib.o(C$$code)
    MMU_InvalidateIDCache                    0x3002dcb4   ARM Code       0  2440slib.o(C$$code)
    MMU_InvalidateICache                     0x3002dcbc   ARM Code       0  2440slib.o(C$$code)
    MMU_InvalidateICacheMVA                  0x3002dcc4   ARM Code       0  2440slib.o(C$$code)
    MMU_PrefetchICacheMVA                    0x3002dccc   ARM Code       0  2440slib.o(C$$code)
    MMU_InvalidateDCache                     0x3002dcd4   ARM Code       0  2440slib.o(C$$code)
    MMU_InvalidateDCacheMVA                  0x3002dcdc   ARM Code       0  2440slib.o(C$$code)
    MMU_CleanDCacheMVA                       0x3002dce4   ARM Code       0  2440slib.o(C$$code)
    MMU_CleanInvalidateDCacheMVA             0x3002dcec   ARM Code       0  2440slib.o(C$$code)
    MMU_CleanDCacheIndex                     0x3002dcf4   ARM Code       0  2440slib.o(C$$code)
    MMU_CleanInvalidateDCacheIndex           0x3002dcfc   ARM Code       0  2440slib.o(C$$code)
    MMU_WaitForInterrupt                     0x3002dd04   ARM Code       0  2440slib.o(C$$code)
    MMU_InvalidateTLB                        0x3002dd0c   ARM Code       0  2440slib.o(C$$code)
    MMU_InvalidateITLB                       0x3002dd14   ARM Code       0  2440slib.o(C$$code)
    MMU_InvalidateITLBMVA                    0x3002dd1c   ARM Code       0  2440slib.o(C$$code)
    MMU_InvalidateDTLB                       0x3002dd24   ARM Code       0  2440slib.o(C$$code)
    MMU_InvalidateDTLBMVA                    0x3002dd2c   ARM Code       0  2440slib.o(C$$code)
    MMU_SetDCacheLockdownBase                0x3002dd34   ARM Code       0  2440slib.o(C$$code)
    MMU_SetICacheLockdownBase                0x3002dd3c   ARM Code       0  2440slib.o(C$$code)
    MMU_SetDTLBLockdown                      0x3002dd44   ARM Code       0  2440slib.o(C$$code)
    MMU_SetITLBLockdown                      0x3002dd4c   ARM Code       0  2440slib.o(C$$code)
    MMU_SetProcessId                         0x3002dd54   ARM Code       0  2440slib.o(C$$code)
    SWI_ISR                                  0x3002dd5c   ARM Code       0  swis.o(C$$code)
    __RdPage512                              0x3002dd60   ARM Code       0  k9s1208_s.o(C$$code)
    __RdSpare16                              0x3002de60   ARM Code       0  k9s1208_s.o(C$$code)
    Inline Thumb to ARM Veneer to _btod_d2e  0x3002dee9   Thumb Code     0  btod.o(CL$$btod_d2e)
    _btod_d2e                                0x3002deec   ARM Code      56  btod.o(CL$$btod_d2e)
    _d2e_denorm_low                          0x3002df24   ARM Code      84  btod.o(CL$$btod_d2e_denorm_low)
    _d2e_norm_op1                            0x3002df78   ARM Code     104  btod.o(CL$$btod_d2e_norm_op1)
    __btod_div_common                        0x3002dfe0   ARM Code     716  btod.o(CL$$btod_div_common)
    _e2e                                     0x3002e32c   ARM Code     220  btod.o(CL$$btod_e2e)
    Inline Thumb to ARM Veneer to _btod_ediv 0x3002e409   Thumb Code     0  btod.o(CL$$btod_ediv)
    _btod_ediv                               0x3002e40c   ARM Code      52  btod.o(CL$$btod_ediv)
    Inline Thumb to ARM Veneer to _btod_emul 0x3002e441   Thumb Code     0  btod.o(CL$$btod_emul)
    _btod_emul                               0x3002e444   ARM Code      52  btod.o(CL$$btod_emul)
    __btod_mult_common                       0x3002e478   ARM Code     616  btod.o(CL$$btod_mult_common)
    Long ARM to Thumb Veneer to srand        0x3002e6e0   ARM Code       0  anon$$obj.o(Veneer$$Code)
    Long ARM to Thumb Veneer to qsort        0x3002e6ec   ARM Code       0  anon$$obj.o(Veneer$$Code)
    Long ARM to Thumb Veneer to _printf_fp_dec_real 0x3002e6f8   ARM Code       0  anon$$obj.o(Veneer$$Code)
    __ARM_fpclassify                         0x3002e704   ARM Code      44  fpclassify.o(i.__ARM_fpclassify)
    __kernel_poly                            0x3002e734   ARM Code     248  poly.o(i.__kernel_poly)
    Inline Thumb to ARM Veneer to __mathlib_classify 0x3002e82d   Thumb Code     0  classify.o(i.__mathlib_classify)
    __mathlib_classify                       0x3002e830   ARM Code      56  classify.o(i.__mathlib_classify)
    Inline Thumb to ARM Veneer to __support_dtoi 0x3002e869   Thumb Code     0  dtoi.o(i.__support_dtoi)
    __support_dtoi                           0x3002e86c   ARM Code      96  dtoi.o(i.__support_dtoi)
    pow                                      0x3002e8dc   ARM Code    3604  pow.o(i.pow)
    sqrt                                     0x3002f6fc   ARM Code     100  sqrt.o(i.sqrt)
    _get_lc_ctype                            0x3002f774   ARM Code      80  lc_ctype_c.o(locale$$code)
    _get_lc_numeric                          0x3002f7c4   ARM Code      80  lc_numeric_c.o(locale$$code)
    __aeabi_d2f                              0x3002f814   ARM Code       0  d2f.o(x$fpl$d2f)
    _d2f                                     0x3002f814   ARM Code     168  d2f.o(x$fpl$d2f)
    __fpl_inf_d2f                            0x3002f8b4   ARM Code       0  d2f.o(x$fpl$d2f)
    __aeabi_dadd                             0x3002f8c0   ARM Code       0  daddsub_noclz.o(x$fpl$dadd)
    _dadd                                    0x3002f8c0   ARM Code     452  daddsub_noclz.o(x$fpl$dadd)
    __fpl_inf_dadd                           0x3002fa3c   ARM Code       0  daddsub_noclz.o(x$fpl$dadd)
    __fpl_dcheck_NaN2                        0x3002fa94   ARM Code      12  dcheck.o(x$fpl$dcheck)
    __fpl_dcheck_NaN1                        0x3002faa4   ARM Code      12  dcheck1.o(x$fpl$dcheck1)
    __fpl_dcmp_InfNaN                        0x3002fab4   ARM Code     128  dcmpin.o(x$fpl$dcmpinfnan)
    __fpl_inf_dcmp                           0x3002fad8   ARM Code       0  dcmpin.o(x$fpl$dcmpinfnan)
    __aeabi_ddiv                             0x3002fb34   ARM Code       0  ddiv.o(x$fpl$ddiv)
    _ddiv                                    0x3002fb34   ARM Code     464  ddiv.o(x$fpl$ddiv)
    __fpl_inf_ddiv                           0x3002fcc0   ARM Code       0  ddiv.o(x$fpl$ddiv)
    _ddiv_mantissas                          0x3002fd04   ARM Code     608  ddiv.o(x$fpl$ddiv)
    __aeabi_d2iz                             0x3002fff4   ARM Code       0  dfix.o(x$fpl$dfix)
    _dfix                                    0x3002fff4   ARM Code     172  dfix.o(x$fpl$dfix)
    __fpl_inf_dfix                           0x30030094   ARM Code       0  dfix.o(x$fpl$dfix)
    __aeabi_d2uiz                            0x300300a4   ARM Code       0  dfixu.o(x$fpl$dfixu)
    _dfixu                                   0x300300a4   ARM Code     132  dfixu.o(x$fpl$dfixu)
    __fpl_inf_dfixu                          0x30030120   ARM Code       0  dfixu.o(x$fpl$dfixu)
    __aeabi_i2d                              0x3003012c   ARM Code       0  dflt_noclz.o(x$fpl$dflt)
    _dflt                                    0x3003012c   ARM Code      88  dflt_noclz.o(x$fpl$dflt)
    __dflt_normalise                         0x3003013c   ARM Code       0  dflt_noclz.o(x$fpl$dflt)
    __aeabi_ui2d                             0x30030184   ARM Code       0  dflt_noclz.o(x$fpl$dfltu)
    _dfltu                                   0x30030184   ARM Code      12  dflt_noclz.o(x$fpl$dfltu)
    __aeabi_cdcmple                          0x30030190   ARM Code       0  dleqf.o(x$fpl$dleqf)
    _dcmple                                  0x30030190   ARM Code     132  dleqf.o(x$fpl$dleqf)
    __aeabi_dmul                             0x30030218   ARM Code       0  dmul.o(x$fpl$dmul)
    _dmul                                    0x30030218   ARM Code     460  dmul.o(x$fpl$dmul)
    __fpl_inf_dmul                           0x300303b0   ARM Code       0  dmul.o(x$fpl$dmul)
    __aeabi_cdrcmple                         0x300303f4   ARM Code       0  drleqf.o(x$fpl$drleqf)
    _drcmple                                 0x300303f4   ARM Code     156  drleqf.o(x$fpl$drleqf)
    __aeabi_drsub                            0x30030494   ARM Code       0  daddsub_noclz.o(x$fpl$drsb)
    _drsb                                    0x30030494   ARM Code      24  daddsub_noclz.o(x$fpl$drsb)
    _dsqrt                                   0x300304ac   ARM Code     384  dsqrt.o(x$fpl$dsqrt)
    __fpl_inf_dsqrt                          0x30030610   ARM Code       0  dsqrt.o(x$fpl$dsqrt)
    __aeabi_dsub                             0x30030634   ARM Code       0  daddsub_noclz.o(x$fpl$dsub)
    _dsub                                    0x30030634   ARM Code     572  daddsub_noclz.o(x$fpl$dsub)
    __fpl_inf_dsub                           0x30030828   ARM Code       0  daddsub_noclz.o(x$fpl$dsub)
    __dunder                                 0x3003087c   ARM Code     272  dunder.o(x$fpl$dunder)
    __dunder_d                               0x3003098c   ARM Code       4  dunder.o(x$fpl$dunder)
    __aeabi_f2d                              0x30030990   ARM Code       0  f2d.o(x$fpl$f2d)
    _f2d                                     0x30030990   ARM Code      96  f2d.o(x$fpl$f2d)
    __fpl_inf_f2d                            0x300309e4   ARM Code       0  f2d.o(x$fpl$f2d)
    __aeabi_fadd                             0x300309f4   ARM Code       0  faddsub_noclz.o(x$fpl$fadd)
    _fadd                                    0x300309f4   ARM Code     260  faddsub_noclz.o(x$fpl$fadd)
    __fpl_inf_fadd                           0x30030ad0   ARM Code       0  faddsub_noclz.o(x$fpl$fadd)
    __fpl_fcheck_NaN2                        0x30030afc   ARM Code       8  fcheck.o(x$fpl$fcheck)
    __fpl_fcheck_NaN1                        0x30030b08   ARM Code       8  fcheck1.o(x$fpl$fcheck1)
    __aeabi_fdiv                             0x30030b14   ARM Code       0  fdiv.o(x$fpl$fdiv)
    _fdiv                                    0x30030b14   ARM Code     476  fdiv.o(x$fpl$fdiv)
    __fpl_inf_fdiv                           0x30030cb0   ARM Code       0  fdiv.o(x$fpl$fdiv)
    __aeabi_f2iz                             0x30030cf8   ARM Code       0  ffix.o(x$fpl$ffix)
    _ffix                                    0x30030cf8   ARM Code     112  ffix.o(x$fpl$ffix)
    __fpl_inf_ffix                           0x30030d5c   ARM Code       0  ffix.o(x$fpl$ffix)
    __aeabi_f2uiz                            0x30030d6c   ARM Code       0  ffixu.o(x$fpl$ffixu)
    _ffixu                                   0x30030d6c   ARM Code      92  ffixu.o(x$fpl$ffixu)
    __fpl_inf_ffixu                          0x30030dc0   ARM Code       0  ffixu.o(x$fpl$ffixu)
    __aeabi_i2f                              0x30030dcc   ARM Code       0  fflt_noclz.o(x$fpl$fflt)
    _fflt                                    0x30030dcc   ARM Code      92  fflt_noclz.o(x$fpl$fflt)
    __fflt_normalise                         0x30030dd8   ARM Code       0  fflt_noclz.o(x$fpl$fflt)
    __aeabi_ui2f                             0x30030e28   ARM Code       0  fflt_noclz.o(x$fpl$ffltu)
    _ffltu                                   0x30030e28   ARM Code       8  fflt_noclz.o(x$fpl$ffltu)
    __aeabi_fmul                             0x30030e30   ARM Code       0  fmul.o(x$fpl$fmul)
    _fmul                                    0x30030e30   ARM Code     260  fmul.o(x$fpl$fmul)
    __fpl_inf_fmul                           0x30030f18   ARM Code       0  fmul.o(x$fpl$fmul)
    __fpl_normalise2                         0x30030f38   ARM Code     148  fnorm2_noclz.o(x$fpl$fnorm2)
    __aeabi_fsub                             0x30030fcc   ARM Code       0  faddsub_noclz.o(x$fpl$fsub)
    _fsub                                    0x30030fcc   ARM Code     356  faddsub_noclz.o(x$fpl$fsub)
    __fpl_inf_fsub                           0x30031108   ARM Code       0  faddsub_noclz.o(x$fpl$fsub)
    __funder                                 0x30031134   ARM Code     140  funder.o(x$fpl$funder)
    __funder_d                               0x300311c0   ARM Code       4  funder.o(x$fpl$funder)
    Inline Thumb to ARM Veneer to __ieee_status 0x300311c5   Thumb Code     0  istatus.o(x$fpl$ieeestatus)
    __ieee_status                            0x300311c8   ARM Code       8  istatus.o(x$fpl$ieeestatus)
    Inline Thumb to ARM Veneer to _printf_fp_dec 0x300311d1   Thumb Code     0  printf1.o(x$fpl$printf1)
    _printf_fp_dec                           0x300311d4   ARM Code       4  printf1.o(x$fpl$printf1)
    __fpl_return_NaN                         0x300311d8   ARM Code     116  retnan.o(x$fpl$retnan)
    __ARM_scalbn                             0x3003124c   ARM Code       0  scalbn_noclz.o(x$fpl$scalbn)
    scalbn                                   0x3003124c   ARM Code     108  scalbn_noclz.o(x$fpl$scalbn)
    __fpl_inf_scalbn                         0x300312b4   ARM Code       0  scalbn_noclz.o(x$fpl$scalbn)
    __fpl_cmpreturn                          0x300312b8   ARM Code      60  trapv.o(x$fpl$trapveneer)
    __I_use_fp                               0x300312f4   Number         0  usenofp.o(x$fpl$usenofp)
    Ov7620_Yuv16bit                          0x300980f8   Data          52  camproset.o(.constdata)
    Ov7620_YCbCr8bit                         0x3009812c   Data         130  camproset.o(.constdata)
    Au70h                                    0x300981ae   Data         102  camproset.o(.constdata)
    S5X532_YCbCr8bit                         0x30098214   Data         188  camproset.o(.constdata)
    S5X3A1_YCbCr8bit                         0x300982d0   Data          18  camproset.o(.constdata)
    __mathlib_zero                           0x300ac3d0   Data           8  qnan.o(.constdata)
    __ctype                                  0x300acddd   Data           0  lc_ctype_c.o(locale$$data)
    PCM_Out_INT_Exit                         0x30800008   Data           2  ac97.o(.data)
    PCM_In_INT_Exit                          0x3080000a   Data           2  ac97.o(.data)
    AC97_Rec_Done                            0x3080000c   Data           1  ac97.o(.data)
    AC97_mute                                0x3080000d   Data           1  ac97.o(.data)
    Codec_Ready                              0x3080000e   Data           1  ac97.o(.data)
    func_ac97_test                           0x30800010   Data          48  ac97.o(.data)
    save_AC97_rGPECON                        0x30800040   Data           4  ac97.o(.data)
    save_AC97_rGPEDAT                        0x30800044   Data           4  ac97.o(.data)
    save_AC97_rGPEUP                         0x30800048   Data           4  ac97.o(.data)
    AC97_size                                0x3080004c   Data           4  ac97.o(.data)
    AC97_fs                                  0x30800050   Data           4  ac97.o(.data)
    Output_Volume                            0x30800054   Data           4  ac97.o(.data)
    Input_Volume                             0x30800058   Data           4  ac97.o(.data)
    Rec_AC97_BUF                             0x3080005c   Data           4  ac97.o(.data)
    Play_AC97_BUF                            0x30800060   Data           4  ac97.o(.data)
    End_AC97_BUF                             0x30800064   Data           4  ac97.o(.data)
    AC97_BUF                                 0x3080006c   Data           4  ac97.o(.data)
    AC97_temp                                0x30800070   Data           4  ac97.o(.data)
    Up_Down_Volume                           0x30800074   Data           1  ac97.o(.data)
    Codec_Ready_Irq                          0x30800075   Data           1  ac97.o(.data)
    count                                    0x30800078   Data           4  adcts.o(.data)
    xdata                                    0x30800080   Data           4  adcts.o(.data)
    ydata                                    0x30800084   Data           4  adcts.o(.data)
    flagCaptured_P                           0x308000a0   Data           1  camif.o(.data)
    flagCaptured_C                           0x308000a1   Data           1  camif.o(.data)
    func_camera_test                         0x308000a4   Data          40  camif.o(.data)
    camTestMode                              0x308000cc   Data           4  camif.o(.data)
    camCodecCaptureCount                     0x308000d0   Data           4  camif.o(.data)
    camPviewCaptureCount                     0x308000d4   Data           4  camif.o(.data)
    camCodecStatus                           0x308000d8   Data           4  camif.o(.data)
    camPviewStatus                           0x308000dc   Data           4  camif.o(.data)
    amount                                   0x308000e0   Data           4  camif.o(.data)
    save_GPJCON                              0x308000e4   Data           4  camif.o(.data)
    save_GPJDAT                              0x308000e8   Data           4  camif.o(.data)
    save_GPJUP                               0x308000ec   Data           4  camif.o(.data)
    func_cammodule_test                      0x308000f0   Data          40  camproset.o(.data)
    save_GPECON                              0x30800130   Data           4  camproset.o(.data)
    Vcount                                   0x30800138   Data           4  dvstest.o(.data)
    Timer_cnt0                               0x3080013c   Data           4  dvstest.o(.data)
    Idle_flag                                0x30800140   Data           2  dvstest.o(.data)
    Div_flag                                 0x30800142   Data           2  dvstest.o(.data)
    intr_flag                                0x30800144   Data           2  dvstest.o(.data)
    timer_val_arr                            0x30800148   Data          16  dvstest.o(.data)
    timer_select                             0x30800158   Data           2  dvstest.o(.data)
    flashType                                0x3080015c   Data          32  flash.o(.data)
    downloadAddress                          0x3080017c   Data           4  flash.o(.data)
    downloadProgramSize                      0x30800180   Data           4  flash.o(.data)
    PutPixel                                 0x30800184   Data           4  glib.o(.data)
    func_iic_test                            0x30800190   Data          24  iic.o(.data)
    which_Buf                                0x308001b8   Data           1  iis.o(.data)
    Rec_Done                                 0x308001b9   Data           1  iis.o(.data)
    mute                                     0x308001ba   Data           1  iis.o(.data)
    IIS_MasterClk_Sel                        0x308001bb   Data           1  iis.o(.data)
    func_iis_test                            0x308001bc   Data          24  iis.o(.data)
    rec_buf                                  0x308001d4   Data           4  iis.o(.data)
    Buf                                      0x308001d8   Data           4  iis.o(.data)
    _temp                                    0x308001dc   Data           4  iis.o(.data)
    size                                     0x308001e0   Data           4  iis.o(.data)
    fs                                       0x308001e4   Data           4  iis.o(.data)
    save_B                                   0x308001e8   Data           4  iis.o(.data)
    save_E                                   0x308001ec   Data           4  iis.o(.data)
    save_PB                                  0x308001f0   Data           4  iis.o(.data)
    save_PE                                  0x308001f4   Data           4  iis.o(.data)
    IIS_Codec_CLK                            0x308001f8   Data           4  iis.o(.data)
    playBuf                                  0x30800208   Data           4  iis_dual.o(.data)
    recBuf                                   0x3080020c   Data           4  iis_dual.o(.data)
    indexPlayBuf                             0x30800210   Data           4  iis_dual.o(.data)
    indexRecBuf                              0x30800214   Data           4  iis_dual.o(.data)
    stopPlay                                 0x30800218   Data           4  iis_dual.o(.data)
    stopRec                                  0x3080021c   Data           4  iis_dual.o(.data)
    audioOutActive                           0x30800220   Data           4  iis_dual.o(.data)
    audioInActive                            0x30800224   Data           4  iis_dual.o(.data)
    func_int_test                            0x30800228   Data          40  int.o(.data)
    fiqCnt0                                  0x30800250   Data           4  int.o(.data)
    fiqCnt1                                  0x30800254   Data           4  int.o(.data)
    func_irda_test                           0x30800258   Data          24  irda.o(.data)
    IrDAdataPt                               0x30800270   Data           4  irda.o(.data)
    IrDAdataFl                               0x30800274   Data           4  irda.o(.data)
    IrDA_cnt                                 0x30800278   Data           4  irda.o(.data)
    IrDA_end                                 0x3080027c   Data           4  irda.o(.data)
    IrDA_err                                 0x30800280   Data           4  irda.o(.data)
    IrDA_BAUD                                0x30800284   Data           4  irda.o(.data)
    sirda_rGPBCON                            0x30800288   Data           4  irda.o(.data)
    sirda_rGPBDAT                            0x3080028c   Data           4  irda.o(.data)
    sirda_rGPBUP                             0x30800290   Data           4  irda.o(.data)
    sirda_rGPHCON                            0x30800294   Data           4  irda.o(.data)
    sirda_rGPHDAT                            0x30800298   Data           4  irda.o(.data)
    sirda_rGPHUP                             0x3080029c   Data           4  irda.o(.data)
    sirda_ULCON2                             0x308002a0   Data           4  irda.o(.data)
    sirda_UCON2                              0x308002a4   Data           4  irda.o(.data)
    sirda_UFCON2                             0x308002a8   Data           4  irda.o(.data)
    sirda_UMCON2                             0x308002ac   Data           4  irda.o(.data)
    sirda_UBRDIV2                            0x308002b0   Data           4  irda.o(.data)
    n16_func                                 0x308002b4   Data          80  k9k2g16.o(.data)
    NFConDone16                              0x30800344   Data           4  k9k2g16.o(.data)
    func_lcd_test                            0x30800348   Data         200  lcd.o(.data)
    save_rGPCUP                              0x30800410   Data           4  lcd.o(.data)
    save_rGPCDAT                             0x30800414   Data           4  lcd.o(.data)
    save_rGPCCON                             0x30800418   Data           4  lcd.o(.data)
    save_rGPDUP                              0x3080041c   Data           4  lcd.o(.data)
    save_rGPDDAT                             0x30800420   Data           4  lcd.o(.data)
    save_rGPDCON                             0x30800424   Data           4  lcd.o(.data)
    lcd_count                                0x30800428   Data           4  lcd.o(.data)
    frameBuffer1Bit                          0x3080042c   Data           4  lcdlib.o(.data)
    frameBuffer2Bit                          0x30800430   Data           4  lcdlib.o(.data)
    frameBuffer4Bit                          0x30800434   Data           4  lcdlib.o(.data)
    frameBuffer8Bit                          0x30800438   Data           4  lcdlib.o(.data)
    frameBuffer12Bit                         0x3080043c   Data           4  lcdlib.o(.data)
    frameBuffer16Bit                         0x30800440   Data           4  lcdlib.o(.data)
    frameBuffer8BitTft240320                 0x30800444   Data           4  lcdlib.o(.data)
    frameBuffer16BitTft240320                0x30800448   Data           4  lcdlib.o(.data)
    frameBuffer24BitTft240320                0x3080044c   Data           4  lcdlib.o(.data)
    frameBuffer1BitTft640480                 0x30800450   Data           4  lcdlib.o(.data)
    frameBuffer8BitTft640480                 0x30800454   Data           4  lcdlib.o(.data)
    frameBuffer16BitTft640480                0x30800458   Data           4  lcdlib.o(.data)
    frameBuffer24BitTft640480                0x3080045c   Data           4  lcdlib.o(.data)
    frameBuffer1BitTft800600                 0x30800460   Data           4  lcdlib.o(.data)
    frameBuffer8BitTft800600                 0x30800464   Data           4  lcdlib.o(.data)
    frameBuffer16BitTft800600                0x30800468   Data           4  lcdlib.o(.data)
    n8_func                                  0x30800480   Data          88  nand.o(.data)
    srcAddress                               0x308004d8   Data           4  nand.o(.data)
    targetBlock                              0x308004dc   Data           4  nand.o(.data)
    targetSize                               0x308004e0   Data           4  nand.o(.data)
    NFConDone                                0x308004e4   Data           4  nand.o(.data)
    save_rGPBUP                              0x308004e8   Data           4  nwait.o(.data)
    save_rGPBDAT                             0x308004ec   Data           4  nwait.o(.data)
    save_rGPBCON                             0x308004f0   Data           4  nwait.o(.data)
    isCardInsert                             0x308004f4   Data           4  pd6710.o(.data)
    Mps_Val                                  0x308004f8   Data          96  pll.o(.data)
    No_Of_Mps_Val                            0x30800558   Data           4  pll.o(.data)
    func_power_test                          0x3080055c   Data         136  power.o(.data)
    slowExit                                 0x308005e4   Data           4  power.o(.data)
    TMP_FCLK                                 0x308005e8   Data           4  pwr_c.o(.data)
    Reg                                      0x308005ec   Data           4  pwr_c.o(.data)
    Ptr_Glob                                 0x308005f0   Data           4  pwr_c.o(.data)
    Next_Ptr_Glob                            0x308005f4   Data           4  pwr_c.o(.data)
    Int_Glob                                 0x308005f8   Data           4  pwr_c.o(.data)
    Bool_Glob                                0x308005fc   Data           4  pwr_c.o(.data)
    Ch_1_Glob                                0x30800600   Data           1  pwr_c.o(.data)
    Ch_2_Glob                                0x30800601   Data           1  pwr_c.o(.data)
    day                                      0x30800604   Data          32  rtc.o(.data)
    isInit                                   0x30800624   Data           4  rtc.o(.data)
    func_rtc_test                            0x30800628   Data          32  rtc.o(.data)
    isRtcInt                                 0x30800648   Data           4  rtc.o(.data)
    sec_tick                                 0x3080064c   Data           4  rtc.o(.data)
    TR_end                                   0x30800650   Data           4  sdi.o(.data)
    Wide                                     0x30800654   Data           4  sdi.o(.data)
    MMC                                      0x30800658   Data           4  sdi.o(.data)
    Tx_buffer                                0x3080065c   Data           4  sdi.o(.data)
    Rx_buffer                                0x30800660   Data           4  sdi.o(.data)
    rd_cnt                                   0x30800664   Data           4  sdi.o(.data)
    wt_cnt                                   0x30800668   Data           4  sdi.o(.data)
    block                                    0x3080066c   Data           4  sdi.o(.data)
    Maker_ID                                 0x30800670   Data           4  sdi.o(.data)
    Product_Name                             0x30800674   Data           7  sdi.o(.data)
    Serial_Num                               0x3080067c   Data           4  sdi.o(.data)
    RCA                                      0x30800680   Data           4  sdi.o(.data)
    batt_flag                                0x30800684   Data           4  sleep.o(.data)
    dsc0_bak                                 0x30800688   Data           4  sleep.o(.data)
    dsc1_bak                                 0x3080068c   Data           4  sleep.o(.data)
    mslcon_bak                               0x30800690   Data           4  sleep.o(.data)
    func_spi_test                            0x30800694   Data          80  spi.o(.data)
    spiTxStr                                 0x308006e4   Data           4  spi.o(.data)
    spiRxStr                                 0x308006e8   Data           4  spi.o(.data)
    endSpiTx                                 0x308006ec   Data           4  spi.o(.data)
    tx_dma1Done                              0x308006f0   Data           4  spi.o(.data)
    rx_dma1Done                              0x308006f4   Data           4  spi.o(.data)
    spi_rGPECON                              0x308006f8   Data           4  spi.o(.data)
    spi_rGPEDAT                              0x308006fc   Data           4  spi.o(.data)
    spi_rGPEUP                               0x30800700   Data           4  spi.o(.data)
    spi_rGPGCON                              0x30800704   Data           4  spi.o(.data)
    spi_rGPGDAT                              0x30800708   Data           4  spi.o(.data)
    spi_rGPGUP                               0x3080070c   Data           4  spi.o(.data)
    spi_rGPDCON                              0x30800710   Data           4  spi.o(.data)
    spi_rGPDDAT                              0x30800714   Data           4  spi.o(.data)
    spi_rGPDUP                               0x30800718   Data           4  spi.o(.data)
    error_erase                              0x3080071c   Data           4  strata32.o(.data)
    error_program                            0x30800720   Data           4  strata32.o(.data)
    swiVar                                   0x30800734   Data           4  swi.o(.data)
    func_timer_test                          0x30800738   Data          40  timer.o(.data)
    TestMode                                 0x30800764   Data           4  timer.o(.data)
    isWdtInt                                 0x30800768   Data           4  timer.o(.data)
    variable0                                0x3080076c   Data           4  timer.o(.data)
    variable1                                0x30800770   Data           4  timer.o(.data)
    variable2                                0x30800774   Data           4  timer.o(.data)
    variable3                                0x30800778   Data           4  timer.o(.data)
    variable4                                0x3080077c   Data           4  timer.o(.data)
    j                                        0x30800780   Data           4  timer.o(.data)
    fcnt                                     0x30800784   Data           4  uart0.o(.data)
    rx_dncs                                  0x30800788   Data           2  uart0.o(.data)
    rx_point                                 0x3080078c   Data           4  uart0.o(.data)
    rx_isdone                                0x30800790   Data           4  uart0.o(.data)
    rx_filesize                              0x30800794   Data           4  uart0.o(.data)
    rx_checksum                              0x30800798   Data           4  uart0.o(.data)
    isDone                                   0x3080079c   Data           4  uart0.o(.data)
    isTxInt                                  0x308007a0   Data           4  uart0.o(.data)
    isRxInt                                  0x308007a4   Data           4  uart0.o(.data)
    tx_cnt                                   0x308007a8   Data           4  uart0.o(.data)
    tx_end                                   0x308007ac   Data           4  uart0.o(.data)
    rx_cnt                                   0x308007b0   Data           4  uart0.o(.data)
    rx_end                                   0x308007b4   Data           4  uart0.o(.data)
    afc_err                                  0x308007b8   Data           4  uart0.o(.data)
    txdataPt                                 0x308007bc   Data           4  uart0.o(.data)
    txdataFl                                 0x308007c0   Data           4  uart0.o(.data)
    rxdataPt                                 0x308007c4   Data           4  uart0.o(.data)
    rxdataCk                                 0x308007c8   Data           4  uart0.o(.data)
    dbg_data                                 0x308007cc   Data           4  uart0.o(.data)
    temp_exit                                0x308007d0   Data           1  uart0.o(.data)
    save_rGPHCON                             0x308007d4   Data           4  uart0.o(.data)
    save_rGPHDAT                             0x308007d8   Data           4  uart0.o(.data)
    save_rGPHUP                              0x308007dc   Data           4  uart0.o(.data)
    save_ULCON0                              0x308007e0   Data           4  uart0.o(.data)
    save_UCON0                               0x308007e4   Data           4  uart0.o(.data)
    save_UFCON0                              0x308007e8   Data           4  uart0.o(.data)
    save_UMCON0                              0x308007ec   Data           4  uart0.o(.data)
    save_UBRDIV0                             0x308007f0   Data           4  uart0.o(.data)
    save_ULCON1                              0x308007f4   Data           4  uart0.o(.data)
    save_UCON1                               0x308007f8   Data           4  uart0.o(.data)
    save_UFCON1                              0x308007fc   Data           4  uart0.o(.data)
    save_UMCON1                              0x30800800   Data           4  uart0.o(.data)
    save_UBRDIV1                             0x30800804   Data           4  uart0.o(.data)
    save_ULCON2                              0x30800808   Data           4  uart0.o(.data)
    save_UCON2                               0x3080080c   Data           4  uart0.o(.data)
    save_UFCON2                              0x30800810   Data           4  uart0.o(.data)
    save_UMCON2                              0x30800814   Data           4  uart0.o(.data)
    save_UBRDIV2                             0x30800818   Data           4  uart0.o(.data)
    fifo_cnt                                 0x30800824   Data           4  uart0.o(.data)
    func_uart_test                           0x30800838   Data         128  uart_test.o(.data)
    func_user_test                           0x308008b8   Data          56  user_test.o(.data)
    command_set                              0x308008f0   Data          88  userlib.o(.data)
    cmd2                                     0x30800948   Data           4  userlib.o(.data)
    cmd3                                     0x3080094c   Data           4  userlib.o(.data)
    cmd4                                     0x30800950   Data           4  userlib.o(.data)
    Mdiv                                     0x30800954   Data           4  userlib.o(.data)
    Pdiv                                     0x30800958   Data           4  userlib.o(.data)
    Sdiv                                     0x3080095c   Data           4  userlib.o(.data)
    Fclk                                     0x30800960   Data           4  userlib.o(.data)
    Hclk                                     0x30800964   Data           4  userlib.o(.data)
    Pclk                                     0x30800968   Data           4  userlib.o(.data)
    Hdivn                                    0x3080096c   Data           4  userlib.o(.data)
    Pdivn                                    0x30800970   Data           4  userlib.o(.data)
    Hclk_Ratio                               0x30800974   Data           4  userlib.o(.data)
    Pclk_Ratio                               0x30800978   Data           4  userlib.o(.data)
    Ref_Cnt                                  0x3080097c   Data           4  userlib.o(.data)
    NF16_Spare_Data                          0x30800cc8   Data          64  k9k2g16.o(.bss)
    NF8_Spare_Data                           0x30800d08   Data          16  nand.o(.bss)
    Arr_1_Glob                               0x30844d28   Data         200  pwr_c.o(.bss)
    Arr_2_Glob                               0x30844df0   Data       10000  pwr_c.o(.bss)
    sbuf                                     0x30847500   Data          80  userlib.o(.bss)
    scmd1                                    0x30847550   Data          20  userlib.o(.bss)
    scmd2                                    0x30847564   Data          20  userlib.o(.bss)
    scmd3                                    0x30847578   Data          20  userlib.o(.bss)
    scmd4                                    0x3084758c   Data          20  userlib.o(.bss)
    pre_scmd                                 0x308475a0   Data         800  userlib.o(.bss)
    __libspace_start                         0x3084799c   Data          96  libspace.o(.bss)
    __temporary_stack_top_libspace           0x308479fc   Number         0  libspace.o(.bss)


================================================================================

Memory Map of the image

  Image entry point : Not specified.

  Load Region LR_ROM1 (Base: 0x30000000, Size: 0x000ad884, Max: 0xffffffff, ABSOLUTE)

    Execution Region ER_ROM1 (Base: 0x30000000, Size: 0x000acefc, Max: 0x00800000, ABSOLUTE)

    Base Addr    Size         Type   Attr      Idx    E Section Name        Object

    0x30000000   0x000000e0   Code   RO            3    RESET               s3c2440a.o
    0x300000e0   0x00000020   Code   RO            4    .text               s3c2440a.o
    0x30000100   0x00001324   Code   RO           12    .text               2440lib.o
    0x30001424   0x00002f8c   Code   RO           71    .text               ac97.o
    0x300043b0   0x000005d8   Code   RO           95    .text               adcts.o
    0x30004988   0x00000b04   Code   RO          108    .text               am29f800.o
    0x3000548c   0x00001fc8   Code   RO          126    .text               camif.o
    0x30007454   0x000008ac   Code   RO          161    .text               camproset.o
    0x30007d00   0x00000598   Code   RO          184    .text               cpuspeed.o
    0x30008298   0x000008e4   Code   RO          202    .text               dma.o
    0x30008b7c   0x0000090c   Code   RO          215    .text               dvstest.o
    0x30009488   0x000004e0   Code   RO          248    .text               eint.o
    0x30009968   0x000004b0   Code   RO          263    .text               flash.o
    0x30009e18   0x00000fd4   Code   RO          283    .text               glib.o
    0x3000adec   0x000005e8   Code   RO          299    .text               idle.o
    0x3000b3d4   0x00000c74   Code   RO          315    .text               iic.o
    0x3000c048   0x00001204   Code   RO          333    .text               iis.o
    0x3000d24c   0x00000d30   Code   RO          352    .text               iis_dual.o
    0x3000df7c   0x00000544   Code   RO          366    .text               int.o
    0x3000e4c0   0x000002e8   Code   RO          389    .text               iotest.o
    0x3000e7a8   0x00000d5c   Code   RO          410    .text               irda.o
    0x3000f504   0x00001874   Code   RO          427    .text               k9k2g16.o
    0x30010d78   0x00004e18   Code   RO          449    .text               lcd.o
    0x30015b90   0x000019f8   Code   RO          465    .text               lcdlib.o
    0x30017588   0x00000318   Code   RO          481    .text               memtest.o
    0x300178a0   0x00000288   Code   RO          494    .text               mmu.o
    0x30017b28   0x00001c44   Code   RO          506    .text               nand.o
    0x3001976c   0x0000066c   Code   RO          528    .text               nwait.o
    0x30019dd8   0x000007ac   Code   RO          541    .text               pd6710.o
    0x3001a584   0x00000b34   Code   RO          558    .text               pll.o
    0x3001b0b8   0x00000a0c   Code   RO          575    .text               power.o
    0x3001bac4   0x00000df0   Code   RO          596    .text               pwr_c.o
    0x3001c8b4   0x000009f4   Code   RO          620    .text               rtc.o
    0x3001d2a8   0x00001d18   Code   RO          638    .text               sdi.o
    0x3001efc0   0x000012e0   Code   RO          655    .text               sleep.o
    0x300202a0   0x000014d0   Code   RO          668    .text               spi.o
    0x30021770   0x000001a4   Code   RO          685    .text               stone.o
    0x30021914   0x00000be0   Code   RO          701    .text               strata32.o
    0x300224f4   0x00000138   Code   RO          716    .text               swi.o
    0x3002262c   0x00001c3c   Code   RO          729    .text               timer.o
    0x30024268   0x0000298c   Code   RO          747    .text               uart0.o
    0x30026bf4   0x00001670   Code   RO          765    .text               uart1.o
    0x30028264   0x00001090   Code   RO          787    .text               uart2.o
    0x300292f4   0x000003c0   Code   RO          804    .text               uart_test.o
    0x300296b4   0x000004ac   Code   RO          831    .text               user_test1.o
    0x30029b60   0x00000540   Code   RO          847    .text               user_test2.o
    0x3002a0a0   0x000001d0   Code   RO          863    .text               user_test.o
    0x3002a270   0x00001464   Code   RO          887    .text               userlib.o
    0x3002b6d4   0x00000a5c   Code   RO          906    .text               xmain.o
    0x3002c130   0x00000004   Ven    RO          953    .text               rt_ctype_table.o(c_t.l)
    0x3002c134   0x00000018   Code   RO          953    .text               rt_ctype_table.o(c_t.l)
    0x3002c14c   0x00000008   Ven    RO          957    .text               h1_alloc.o(c_t.l)
    0x3002c154   0x0000006e   Code   RO          957    .text               h1_alloc.o(c_t.l)
    0x3002c1c2   0x00000002   PAD
    0x3002c1c4   0x00000008   Ven    RO         1003    .text               atoi.o(c_t.l)
    0x3002c1cc   0x0000001e   Code   RO         1003    .text               atoi.o(c_t.l)
    0x3002c1ea   0x00000002   PAD
    0x3002c1ec   0x00000008   Ven    RO         1005    .text               c89vsprintf.o(c_t.l)
    0x3002c1f4   0x0000002c   Code   RO         1005    .text               c89vsprintf.o(c_t.l)
    0x3002c220   0x00000294   Code   RO         1007    .text               qsortnoex.o(c_t.l)
    0x3002c4b4   0x00000008   Ven    RO         1009    .text               rand.o(c_t.l)
    0x3002c4bc   0x00000078   Code   RO         1009    .text               rand.o(c_t.l)
    0x3002c534   0x00000064   Code   RO         1013    .text               rt_memcpy_w.o(c_t.l)
    0x3002c598   0x00000008   Ven    RO         1015    .text               strcpy.o(c_t.l)
    0x3002c5a0   0x00000050   Code   RO         1015    .text               strcpy.o(c_t.l)
    0x3002c5f0   0x00000008   Ven    RO         1017    .text               strlen.o(c_t.l)
    0x3002c5f8   0x00000048   Code   RO         1017    .text               strlen.o(c_t.l)
    0x3002c640   0x000000a0   Code   RO         1019    .text               strcmp.o(c_t.l)
    0x3002c6e0   0x00000004   Ven    RO         1021    .text               aeabi_sdiv.o(c_t.l)
    0x3002c6e4   0x00000180   Code   RO         1021    .text               aeabi_sdiv.o(c_t.l)
    0x3002c864   0x00000040   Code   RO         1037    .text               stkheap2.o(c_t.l)
    0x3002c8a4   0x00000060   Code   RO         1100    .text               sys_stackheap_outer.o(c_t.l)
    0x3002c904   0x00000004   Ven    RO         1109    .text               rt_errno_addr_intlibspace.o(c_t.l)
    0x3002c908   0x00000010   Code   RO         1109    .text               rt_errno_addr_intlibspace.o(c_t.l)
    0x3002c918   0x00000004   Ven    RO         1114    .text               rt_heap_descriptor_intlibspace.o(c_t.l)
    0x3002c91c   0x00000010   Code   RO         1114    .text               rt_heap_descriptor_intlibspace.o(c_t.l)
    0x3002c92c   0x00000010   Code   RO         1119    .text               rt_stackheap_storage_intlibspace.o(c_t.l)
    0x3002c93c   0x00000004   Ven    RO         1124    .text               rt_locale_intlibspace.o(c_t.l)
    0x3002c940   0x00000010   Code   RO         1124    .text               rt_locale_intlibspace.o(c_t.l)
    0x3002c950   0x0000008c   Code   RO         1126    .text               init_alloc.o(c_t.l)
    0x3002c9dc   0x00000004   Code   RO         1130    .text               hguard.o(c_t.l)
    0x3002c9e0   0x0000000e   Code   RO         1134    .text               h1_init.o(c_t.l)
    0x3002c9ee   0x00000054   Code   RO         1136    .text               h1_free.o(c_t.l)
    0x3002ca42   0x00000002   PAD
    0x3002ca44   0x00000008   Ven    RO         1152    .text               _rserrno.o(c_t.l)
    0x3002ca4c   0x0000001a   Code   RO         1152    .text               _rserrno.o(c_t.l)
    0x3002ca66   0x00000054   Code   RO         1154    .text               _printf_pad.o(c_t.l)
    0x3002caba   0x0000002c   Code   RO         1156    .text               _printf_truncate.o(c_t.l)
    0x3002cae6   0x0000005e   Code   RO         1158    .text               _printf_str.o(c_t.l)
    0x3002cb44   0x000000c0   Code   RO         1160    .text               _printf_wctomb.o(c_t.l)
    0x3002cc04   0x000000cc   Code   RO         1163    .text               _printf_longlong_hex.o(c_t.l)
    0x3002ccd0   0x00000094   Code   RO         1166    .text               _printf_longlong_oct.o(c_t.l)
    0x3002cd64   0x00000074   Code   RO         1168    .text               _printf_dec.o(c_t.l)
    0x3002cdd8   0x0000008c   Code   RO         1170    .text               _printf_longlong_dec.o(c_t.l)
    0x3002ce64   0x00000024   Code   RO         1172    .text               _printf_charcount.o(c_t.l)
    0x3002ce88   0x00000034   Code   RO         1174    .text               _printf_char_common.o(c_t.l)
    0x3002cebc   0x0000000a   Code   RO         1176    .text               _sputc.o(c_t.l)
    0x3002cec6   0x00000002   PAD
    0x3002cec8   0x00000074   Code   RO         1178    .text               strtol.o(c_t.l)
    0x3002cf3c   0x00000010   Code   RO         1210    .text               callvia.o(h_t.l)
    0x3002cf4c   0x0000000c   Code   RO         1218    .text               libspace.o(c_t.l)
    0x3002cf58   0x00000036   Code   RO         1223    .text               h1_extend.o(c_t.l)
    0x3002cf8e   0x00000002   PAD
    0x3002cf90   0x00000004   Ven    RO         1227    .text               lludiv10.o(c_t.l)
    0x3002cf94   0x000000a0   Code   RO         1227    .text               lludiv10.o(c_t.l)
    0x3002d034   0x000002f8   Code   RO         1229    .text               __printf.o(c_t.l)
    0x3002d32c   0x000000a8   Code   RO         1232    .text               _printf_intcommon.o(c_t.l)
    0x3002d3d4   0x000004a0   Code   RO         1234    .text               _printf_fp_dec.o(c_t.l)
    0x3002d874   0x00000020   Code   RO         1236    .text               _printf_outstr_char.o(c_t.l)
    0x3002d894   0x0000000a   Code   RO         1238    .text               _printf_input_char.o(c_t.l)
    0x3002d89e   0x000000a6   Code   RO         1240    .text               _strtoul.o(c_t.l)
    0x3002d944   0x0000004a   Code   RO         1242    .text               _wcrtomb.o(c_t.l)
    0x3002d98e   0x00000010   Code   RO         1244    .text               defsig_rtmem_outer.o(c_t.l)
    0x3002d99e   0x00000002   PAD
    0x3002d9a0   0x00000004   Ven    RO         1248    .text               rtudiv10.o(c_t.l)
    0x3002d9a4   0x0000002c   Code   RO         1248    .text               rtudiv10.o(c_t.l)
    0x3002d9d0   0x00000004   Ven    RO         1250    .text               heapext.o(c_t.l)
    0x3002d9d4   0x00000010   Code   RO         1250    .text               heapext.o(c_t.l)
    0x3002d9e4   0x000000c8   Code   RO         1262    .text               bigflt0.o(c_t.l)
    0x3002daac   0x00000022   Code   RO         1287    .text               _chval.o(c_t.l)
    0x3002dace   0x00000010   Code   RO         1292    .text               defsig_exit.o(c_t.l)
    0x3002dade   0x00000002   PAD
    0x3002dae0   0x00000050   Code   RO         1298    .text               defsig_rtmem_inner.o(c_t.l)
    0x3002db30   0x00000004   Ven    RO         1310    .text               sys_exit.o(c_t.l)
    0x3002db34   0x00000018   Code   RO         1310    .text               sys_exit.o(c_t.l)
    0x3002db4c   0x00000038   Code   RO         1314    .text               defsig_general.o(c_t.l)
    0x3002db84   0x00000010   Code   RO         1320    .text               sys_wrch.o(c_t.l)
    0x3002db94   0x00000004   Code   RO         1322    .text               use_no_semi.o(c_t.l)
    0x3002db98   0x00000004   Ven    RO         1022    .text_udiv          aeabi_sdiv.o(c_t.l)
    0x3002db9c   0x0000001c   Code   RO         1022    .text_udiv          aeabi_sdiv.o(c_t.l)
    0x3002dbb8   0x000001a4   Code   RO           62    C$$code             2440slib.o
    0x3002dd5c   0x00000004   Code   RO           65    C$$code             swis.o
    0x3002dd60   0x00000188   Code   RO           68    C$$code             k9s1208_s.o
    0x3002dee8   0x00000004   Ven    RO         1265    CL$$btod_d2e        btod.o(c_t.l)
    0x3002deec   0x00000038   Code   RO         1265    CL$$btod_d2e        btod.o(c_t.l)
    0x3002df24   0x00000054   Code   RO         1267    CL$$btod_d2e_denorm_low  btod.o(c_t.l)
    0x3002df78   0x00000068   Code   RO         1266    CL$$btod_d2e_norm_op1  btod.o(c_t.l)
    0x3002dfe0   0x0000034c   Code   RO         1275    CL$$btod_div_common  btod.o(c_t.l)
    0x3002e32c   0x000000dc   Code   RO         1272    CL$$btod_e2e        btod.o(c_t.l)
    0x3002e408   0x00000004   Ven    RO         1269    CL$$btod_ediv       btod.o(c_t.l)
    0x3002e40c   0x00000034   Code   RO         1269    CL$$btod_ediv       btod.o(c_t.l)
    0x3002e440   0x00000004   Ven    RO         1268    CL$$btod_emul       btod.o(c_t.l)
    0x3002e444   0x00000034   Code   RO         1268    CL$$btod_emul       btod.o(c_t.l)
    0x3002e478   0x00000268   Code   RO         1274    CL$$btod_mult_common  btod.o(c_t.l)
    0x3002e6e0   0x0000000c   Ven    RO         1350    Veneer$$Code        anon$$obj.o
    0x3002e6ec   0x0000000c   Ven    RO         1351    Veneer$$Code        anon$$obj.o
    0x3002e6f8   0x0000000c   Ven    RO         1352    Veneer$$Code        anon$$obj.o
    0x3002e704   0x00000030   Code   RO         1318    i.__ARM_fpclassify  fpclassify.o(m_ts.l)
    0x3002e734   0x000000f8   Code   RO         1211    i.__kernel_poly     poly.o(m_ts.l)
    0x3002e82c   0x00000004   Ven    RO         1306    i.__mathlib_classify  classify.o(m_ts.l)
    0x3002e830   0x00000038   Code   RO         1306    i.__mathlib_classify  classify.o(m_ts.l)
    0x3002e868   0x00000004   Ven    RO         1308    i.__support_dtoi    dtoi.o(m_ts.l)
    0x3002e86c   0x00000060   Code   RO         1308    i.__support_dtoi    dtoi.o(m_ts.l)
    0x3002e8cc   0x00000010   Code   RO         1093    i.copysign          pow.o(m_ts.l)
    0x3002e8dc   0x00000e20   Code   RO         1091    i.pow               pow.o(m_ts.l)
    0x3002f6fc   0x00000078   Code   RO         1214    i.sqrt              sqrt.o(m_ts.l)
    0x3002f774   0x00000050   Code   RO         1181    locale$$code        lc_ctype_c.o(c_t.l)
    0x3002f7c4   0x00000050   Code   RO         1290    locale$$code        lc_numeric_c.o(c_t.l)
    0x3002f814   0x000000ac   Code   RO         1039    x$fpl$d2f           d2f.o(fz_ts.l)
    0x3002f8c0   0x000001d4   Code   RO         1041    x$fpl$dadd          daddsub_noclz.o(fz_ts.l)
    0x3002fa94   0x00000010   Code   RO         1184    x$fpl$dcheck        dcheck.o(fz_ts.l)
    0x3002faa4   0x00000010   Code   RO         1186    x$fpl$dcheck1       dcheck1.o(fz_ts.l)
    0x3002fab4   0x00000080   Code   RO         1252    x$fpl$dcmpinfnan    dcmpin.o(fz_ts.l)
    0x3002fb34   0x000004c0   Code   RO         1048    x$fpl$ddiv          ddiv.o(fz_ts.l)
    0x3002fff4   0x000000b0   Code   RO         1051    x$fpl$dfix          dfix.o(fz_ts.l)
    0x300300a4   0x00000088   Code   RO         1055    x$fpl$dfixu         dfixu.o(fz_ts.l)
    0x3003012c   0x00000058   Code   RO         1060    x$fpl$dflt          dflt_noclz.o(fz_ts.l)
    0x30030184   0x0000000c   Code   RO         1059    x$fpl$dfltu         dflt_noclz.o(fz_ts.l)
    0x30030190   0x00000088   Code   RO         1258    x$fpl$dleqf         dleqf.o(fz_ts.l)
    0x30030218   0x000001dc   Code   RO         1063    x$fpl$dmul          dmul.o(fz_ts.l)
    0x300303f4   0x000000a0   Code   RO         1198    x$fpl$drleqf        drleqf.o(fz_ts.l)
    0x30030494   0x00000018   Code   RO         1042    x$fpl$drsb          daddsub_noclz.o(fz_ts.l)
    0x300304ac   0x00000188   Code   RO         1254    x$fpl$dsqrt         dsqrt.o(fz_ts.l)
    0x30030634   0x00000248   Code   RO         1043    x$fpl$dsub          daddsub_noclz.o(fz_ts.l)
    0x3003087c   0x00000114   Code   RO         1188    x$fpl$dunder        dunder.o(fz_ts.l)
    0x30030990   0x00000064   Code   RO         1065    x$fpl$f2d           f2d.o(fz_ts.l)
    0x300309f4   0x00000108   Code   RO         1067    x$fpl$fadd          faddsub_noclz.o(fz_ts.l)
    0x30030afc   0x0000000c   Code   RO         1190    x$fpl$fcheck        fcheck.o(fz_ts.l)
    0x30030b08   0x0000000c   Code   RO         1192    x$fpl$fcheck1       fcheck1.o(fz_ts.l)
    0x30030b14   0x000001e4   Code   RO         1074    x$fpl$fdiv          fdiv.o(fz_ts.l)
    0x30030cf8   0x00000074   Code   RO         1077    x$fpl$ffix          ffix.o(fz_ts.l)
    0x30030d6c   0x00000060   Code   RO         1081    x$fpl$ffixu         ffixu.o(fz_ts.l)
    0x30030dcc   0x0000005c   Code   RO         1086    x$fpl$fflt          fflt_noclz.o(fz_ts.l)
    0x30030e28   0x00000008   Code   RO         1085    x$fpl$ffltu         fflt_noclz.o(fz_ts.l)
    0x30030e30   0x00000108   Code   RO         1089    x$fpl$fmul          fmul.o(fz_ts.l)
    0x30030f38   0x00000094   Code   RO         1194    x$fpl$fnorm2        fnorm2_noclz.o(fz_ts.l)
    0x30030fcc   0x00000168   Code   RO         1069    x$fpl$fsub          faddsub_noclz.o(fz_ts.l)
    0x30031134   0x00000090   Code   RO         1196    x$fpl$funder        funder.o(fz_ts.l)
    0x300311c4   0x00000004   Ven    RO         1304    x$fpl$ieeestatus    istatus.o(fz_ts.l)
    0x300311c8   0x00000008   Code   RO         1304    x$fpl$ieeestatus    istatus.o(fz_ts.l)
    0x300311d0   0x00000004   Ven    RO         1208    x$fpl$printf1       printf1.o(fz_ts.l)
    0x300311d4   0x00000004   Code   RO         1208    x$fpl$printf1       printf1.o(fz_ts.l)
    0x300311d8   0x00000074   Code   RO         1256    x$fpl$retnan        retnan.o(fz_ts.l)
    0x3003124c   0x0000006c   Code   RO         1203    x$fpl$scalbn        scalbn_noclz.o(fz_ts.l)
    0x300312b8   0x0000003c   Code   RO         1302    x$fpl$trapveneer    trapv.o(fz_ts.l)
    0x300312f4   0x00000000   Code   RO         1183    x$fpl$usenofp       usenofp.o(fz_ts.l)
    0x300312f4   0x00000135   Data   RO           73    .constdata          ac97.o
    0x30031429   0x00000003   PAD
    0x3003142c   0x000000cc   Data   RO          110    .constdata          am29f800.o
    0x300314f8   0x00066c00   Data   RO          128    .constdata          camif.o
    0x300980f8   0x0000022e   Data   RO          163    .constdata          camproset.o
    0x30098326   0x00000002   PAD
    0x30098328   0x0000008d   Data   RO          335    .constdata          iis.o
    0x300983b5   0x00000003   PAD
    0x300983b8   0x00000073   Data   RO          354    .constdata          iis_dual.o
    0x3009842b   0x00000001   PAD
    0x3009842c   0x00013034   Data   RO          451    .constdata          lcd.o
    0x300ab460   0x00000048   Data   RO          577    .constdata          power.o
    0x300ab4a8   0x00000093   Data   RO          622    .constdata          rtc.o
    0x300ab53b   0x00000001   PAD
    0x300ab53c   0x00000090   Data   RO          640    .constdata          sdi.o
    0x300ab5cc   0x00000010   Data   RO          686    .constdata          stone.o
    0x300ab5dc   0x000000ac   Data   RO          703    .constdata          strata32.o
    0x300ab688   0x00000236   Data   RO          731    .constdata          timer.o
    0x300ab8be   0x00000002   PAD
    0x300ab8c0   0x00000570   Data   RO          749    .constdata          uart0.o
    0x300abe30   0x0000026c   Data   RO          767    .constdata          uart1.o
    0x300ac09c   0x00000278   Data   RO          789    .constdata          uart2.o
    0x300ac314   0x00000004   PAD
    0x300ac318   0x00000088   Data   RO         1094    .constdata          pow.o(m_ts.l)
    0x300ac3a0   0x00000008   Data   RO         1161    .constdata          _printf_wctomb.o(c_t.l)
    0x300ac3a8   0x00000022   Data   RO         1164    .constdata          _printf_longlong_hex.o(c_t.l)
    0x300ac3ca   0x00000006   PAD
    0x300ac3d0   0x00000008   Data   RO         1213    .constdata          qnan.o(m_ts.l)
    0x300ac3d8   0x00000011   Data   RO         1230    .constdata          __printf.o(c_t.l)
    0x300ac3e9   0x00000003   PAD
    0x300ac3ec   0x00000094   Data   RO         1263    .constdata          bigflt0.o(c_t.l)
    0x300ac480   0x0000008c   Data   RO           74    .conststring        ac97.o
    0x300ac50c   0x0000003d   Data   RO          129    .conststring        camif.o
    0x300ac549   0x000000c8   Data   RO          164    .conststring        camproset.o
    0x300ac611   0x0000003b   Data   RO          265    .conststring        flash.o
    0x300ac64c   0x00000022   Data   RO          317    .conststring        iic.o
    0x300ac66e   0x00000034   Data   RO          336    .conststring        iis.o
    0x300ac6a2   0x00000044   Data   RO          368    .conststring        int.o
    0x300ac6e6   0x00000020   Data   RO          412    .conststring        irda.o
    0x300ac706   0x000000bf   Data   RO          429    .conststring        k9k2g16.o
    0x300ac7c5   0x00000180   Data   RO          452    .conststring        lcd.o
    0x300ac945   0x000000aa   Data   RO          508    .conststring        nand.o
    0x300ac9ef   0x0000012f   Data   RO          578    .conststring        power.o
    0x300acb1e   0x00000069   Data   RO          623    .conststring        rtc.o
    0x300acb87   0x00000090   Data   RO          670    .conststring        spi.o
    0x300acc17   0x00000044   Data   RO          732    .conststring        timer.o
    0x300acc5b   0x000000f1   Data   RO          806    .conststring        uart_test.o
    0x300acd4c   0x00000069   Data   RO          865    .conststring        user_test.o
    0x300acdb5   0x00000018   Data   RO          889    .conststring        userlib.o
    0x300acdcd   0x00000003   PAD
    0x300acdd0   0x00000110   Data   RO         1180    locale$$data        lc_ctype_c.o(c_t.l)
    0x300acee0   0x0000001c   Data   RO         1289    locale$$data        lc_numeric_c.o(c_t.l)


    Execution Region RW_RAM1 (Base: 0x30800000, Size: 0x00047e88, Max: 0x00800000, ABSOLUTE)

    Base Addr    Size         Type   Attr      Idx    E Section Name        Object

    0x30800000   0x00000008   Data   RW           13    .data               2440lib.o
    0x30800008   0x0000006e   Data   RW           72    .data               ac97.o
    0x30800076   0x00000002   PAD
    0x30800078   0x00000010   Data   RW           96    .data               adcts.o
    0x30800088   0x00000018   Data   RW          109    .data               am29f800.o
    0x308000a0   0x00000050   Data   RW          127    .data               camif.o
    0x308000f0   0x00000044   Data   RW          162    .data               camproset.o
    0x30800134   0x00000004   Data   RW          203    .data               dma.o
    0x30800138   0x00000022   Data   RW          216    .data               dvstest.o
    0x3080015a   0x00000002   PAD
    0x3080015c   0x00000028   Data   RW          264    .data               flash.o
    0x30800184   0x00000004   Data   RW          284    .data               glib.o
    0x30800188   0x00000008   Data   RW          300    .data               idle.o
    0x30800190   0x00000028   Data   RW          316    .data               iic.o
    0x308001b8   0x00000044   Data   RW          334    .data               iis.o
    0x308001fc   0x0000002c   Data   RW          353    .data               iis_dual.o
    0x30800228   0x00000030   Data   RW          367    .data               int.o
    0x30800258   0x0000005c   Data   RW          411    .data               irda.o
    0x308002b4   0x00000094   Data   RW          428    .data               k9k2g16.o
    0x30800348   0x000000e4   Data   RW          450    .data               lcd.o
    0x3080042c   0x00000040   Data   RW          466    .data               lcdlib.o
    0x3080046c   0x00000004   Data   RW          482    .data               memtest.o
    0x30800470   0x00000078   Data   RW          507    .data               nand.o
    0x308004e8   0x0000000c   Data   RW          529    .data               nwait.o
    0x308004f4   0x00000004   Data   RW          542    .data               pd6710.o
    0x308004f8   0x00000064   Data   RW          559    .data               pll.o
    0x3080055c   0x0000008c   Data   RW          576    .data               power.o
    0x308005e8   0x0000001a   Data   RW          597    .data               pwr_c.o
    0x30800602   0x00000002   PAD
    0x30800604   0x0000004c   Data   RW          621    .data               rtc.o
    0x30800650   0x00000034   Data   RW          639    .data               sdi.o
    0x30800684   0x00000010   Data   RW          656    .data               sleep.o
    0x30800694   0x00000088   Data   RW          669    .data               spi.o
    0x3080071c   0x00000018   Data   RW          702    .data               strata32.o
    0x30800734   0x00000004   Data   RW          717    .data               swi.o
    0x30800738   0x0000004c   Data   RW          730    .data               timer.o
    0x30800784   0x000000a4   Data   RW          748    .data               uart0.o
    0x30800828   0x00000008   Data   RW          766    .data               uart1.o
    0x30800830   0x00000008   Data   RW          788    .data               uart2.o
    0x30800838   0x00000080   Data   RW          805    .data               uart_test.o
    0x308008b8   0x00000038   Data   RW          864    .data               user_test.o
    0x308008f0   0x00000090   Data   RW          888    .data               userlib.o
    0x30800980   0x00000008   Data   RW         1010    .data               rand.o(c_t.l)
    0x30800988   0x00000120   Zero   RW          165    .bss                camproset.o
    0x30800aa8   0x00000220   Zero   RW          318    .bss                iic.o
    0x30800cc8   0x00000040   Zero   RW          430    .bss                k9k2g16.o
    0x30800d08   0x00000010   Zero   RW          509    .bss                nand.o
    0x30800d18   0x00000010   Zero   RW          543    .bss                pd6710.o
    0x30800d28   0x000467d8   Zero   RW          598    .bss                pwr_c.o
    0x30847500   0x000003c0   Zero   RW          890    .bss                userlib.o
    0x308478c0   0x000000dc   Zero   RW         1011    .bss                rand.o(c_t.l)
    0x3084799c   0x00000060   Zero   RW         1219    .bss                libspace.o(c_t.l)
    0x308479fc   0x00000004   PAD
    0x30847a00   0x00000000   Zero   RW            2    HEAP                s3c2440a.o
    0x30847a00   0x00000488   Zero   RW            1    STACK               s3c2440a.o


    Execution Region RW_IRAM1 (Base: 0x40000000, Size: 0x00000000, Max: 0x00001000, ABSOLUTE)

    **** No section assigned to this execution region ****


================================================================================

Image component sizes


      Code (inc. data)   RO Data    RW Data    ZI Data      Debug   Object Name

      4900        124          0          8          0      64634   2440lib.o
       420          0          0          0          0        396   2440slib.o
     12172       2668        449        110          0      13624   ac97.o
      1496        448          0         16          0       2534   adcts.o
      2820        868        204         24          0       4342   am29f800.o
      8136       1160     420925         80          0      18400   camif.o
      2220        356        758         68        288       6247   camproset.o
      1432        428          0          0          0       3668   cpuspeed.o
      2276        336          0          4          0       3279   dma.o
      2316        236          0         34          0       7503   dvstest.o
      1248        368          0          0          0       2424   eint.o
      1200        544         59         40          0       3301   flash.o
      4052        116          0          4          0       7489   glib.o
      1512        504          0          8          0       3127   idle.o
      3188        348         34         40        544       4989   iic.o
      4612        984        193         68          0       5848   iis.o
      3376        576        115         44          0       5000   iis_dual.o
      1348        504         68         48          0       3443   int.o
       744        336          0          0          0       2907   iotest.o
      3420        784         32         92          0       4607   irda.o
      6260       1744        191        148         64       9837   k9k2g16.o
       392          4          0          0          0        272   k9s1208_s.o
     19992       3668      78260        228          0      13824   lcd.o
      6648        284          0         64          0       8895   lcdlib.o
       792        100          0          4          0       2403   memtest.o
       648         40          0          0          0       2315   mmu.o
      7236       2088        170        120         16      10384   nand.o
      1644        380          0         12          0       3532   nwait.o
      1964        380          0          4         16       6760   pd6710.o
      2868        796          0        100          0       4572   pll.o
      2572        976        375        140          0       3443   power.o
      3568        608          0         26     288728       8386   pwr_c.o
         0          0          0          0          0       1656   retarget.o
      2548        868        252         76          0       4207   rtc.o
       256         60          0          0       1160        568   s3c2440a.o
      7448       1044        144         52          0       8908   sdi.o
      4832       1512          0         16          0       5142   sleep.o
      5328       1252        144        136          0       6246   spi.o
       420        184         16          0          0       2189   stone.o
      3040        948        172         24          0       4628   strata32.o
       312         64          0          4          0       1745   swi.o
         4          0          0          0          0        236   swis.o
      7228       1968        634         76          0       6867   timer.o
     10636       1956       1392        164          0       9946   uart0.o
      5744       1348        620          8          0       6596   uart1.o
      4240       1016        632          8          0       4507   uart2.o
       960        460        241        128          0       3912   uart_test.o
       464        184        105         56          0       3165   user_test.o
      1196        392          0          0          0       3143   user_test1.o
      1344        252          0          0          0       3312   user_test2.o
      5220        940         24        144        960       8391   userlib.o
      2652       1064          0          0          0      11140   xmain.o

    ------------------------------------------------------------------------
    181380      38280     506228       2432     291776     338892   Object Totals
        36         12          0          0          0          0   (incl. Generated)
         0          0         19          6          0          3   (incl. Padding)

    ------------------------------------------------------------------------

      Code (inc. data)   RO Data    RW Data    ZI Data      Debug   Library Member Name

       760          6         17          0          0          0   __printf.o
        34          0          0          0          0          0   _chval.o
        52          8          0          0          0          0   _printf_char_common.o
        36          0          0          0          0          0   _printf_charcount.o
       116         18          0          0          0          0   _printf_dec.o
      1184         30          0          0          0          0   _printf_fp_dec.o
        10          0          0          0          0          0   _printf_input_char.o
       168          0          0          0          0          0   _printf_intcommon.o
       140         16          0          0          0          0   _printf_longlong_dec.o
       204         22         34          0          0          0   _printf_longlong_hex.o
       148         10          0          0          0          0   _printf_longlong_oct.o
        32          0          0          0          0          0   _printf_outstr_char.o
        84          0          0          0          0          0   _printf_pad.o
        94          0          0          0          0          0   _printf_str.o
        44          0          0          0          0          0   _printf_truncate.o
       192          4          8          0          0          0   _printf_wctomb.o
        34          0          0          0          0          0   _rserrno.o
        10          0          0          0          0          0   _sputc.o
       166          0          0          0          0          0   _strtoul.o
        74          0          0          0          0          0   _wcrtomb.o
       420          0          0          0          0          0   aeabi_sdiv.o
        38          0          0          0          0          0   atoi.o
       200          4        148          0          0          0   bigflt0.o
      2040        128          0          0          0          0   btod.o
        52          6          0          0          0          0   c89vsprintf.o
        16          0          0          0          0          0   callvia.o
        60          0          0          0          0          0   classify.o
       172          4          0          0          0          0   d2f.o
      1076         28          0          0          0          0   daddsub_noclz.o
        16          4          0          0          0          0   dcheck.o
        16          4          0          0          0          0   dcheck1.o
       128          0          0          0          0          0   dcmpin.o
      1216        144          0          0          0          0   ddiv.o
        16          0          0          0          0          0   defsig_exit.o
        56          0          0          0          0          0   defsig_general.o
        80         56          0          0          0          0   defsig_rtmem_inner.o
        16          0          0          0          0          0   defsig_rtmem_outer.o
       176          4          0          0          0          0   dfix.o
       136          4          0          0          0          0   dfixu.o
       100          0          0          0          0          0   dflt_noclz.o
       136          4          0          0          0          0   dleqf.o
       476         16          0          0          0          0   dmul.o
       160          4          0          0          0          0   drleqf.o
       392          8          0          0          0          0   dsqrt.o
       100          0          0          0          0          0   dtoi.o
       276          0          0          0          0          0   dunder.o
       100          4          0          0          0          0   f2d.o
       624          8          0          0          0          0   faddsub_noclz.o
        12          4          0          0          0          0   fcheck.o
        12          4          0          0          0          0   fcheck1.o
       484         76          0          0          0          0   fdiv.o
       116          4          0          0          0          0   ffix.o
        96          4          0          0          0          0   ffixu.o
       100          0          0          0          0          0   fflt_noclz.o
       264          4          0          0          0          0   fmul.o
       148          0          0          0          0          0   fnorm2_noclz.o
        48          4          0          0          0          0   fpclassify.o
       144          0          0          0          0          0   funder.o
       118          0          0          0          0          0   h1_alloc.o
        54          0          0          0          0          0   h1_extend.o
        84          0          0          0          0          0   h1_free.o
        14          0          0          0          0          0   h1_init.o
        20          0          0          0          0          0   heapext.o
         4          0          0          0          0          0   hguard.o
       140          0          0          0          0          0   init_alloc.o
        12          0          0          0          0          0   istatus.o
        80          8        272          0          0          0   lc_ctype_c.o
        80          8         28          0          0          0   lc_numeric_c.o
        12          4          0          0         96          0   libspace.o
       164          0          0          0          0          0   lludiv10.o
       248          0          0          0          0          0   poly.o
      3632        236        136          0          0          0   pow.o
         8          0          0          0          0          0   printf1.o
         0          0          8          0          0          0   qnan.o
       660          0          0          0          0          0   qsortnoex.o
       128         18          0          8        220          0   rand.o
       116          0          0          0          0          0   retnan.o
        28          4          0          0          0          0   rt_ctype_table.o
        20          4          0          0          0          0   rt_errno_addr_intlibspace.o
        20          4          0          0          0          0   rt_heap_descriptor_intlibspace.o
        20          4          0          0          0          0   rt_locale_intlibspace.o
       100          0          0          0          0          0   rt_memcpy_w.o
        16          4          0          0          0          0   rt_stackheap_storage_intlibspace.o
        48          0          0          0          0          0   rtudiv10.o
       108          0          0          0          0          0   scalbn_noclz.o
       120         20          0          0          0          0   sqrt.o
        64          0          0          0          0          0   stkheap2.o
       160          4          0          0          0          0   strcmp.o
        88          6          0          0          0          0   strcpy.o
        80          4          0          0          0          0   strlen.o
       116          4          0          0          0          0   strtol.o
        28          8          0          0          0          0   sys_exit.o
        96          0          0          0          0          0   sys_stackheap_outer.o
        16          0          0          0          0          0   sys_wrch.o
        60          0          0          0          0          0   trapv.o
         4          0          0          0          0          0   use_no_semi.o
         0          0          0          0          0          0   usenofp.o

    ------------------------------------------------------------------------
     20080        984        660          8        320          0   Library Totals
        14          0          9          0          4          0   (incl. Padding)

    ------------------------------------------------------------------------

      Code (inc. data)   RO Data    RW Data    ZI Data      Debug   Library Name

      8962        392        507          8        316          0   c_t.l
      6880        332          0          0          0          0   fz_ts.l
        16          0          0          0          0          0   h_t.l
      4208        260        144          0          0          0   m_ts.l

    ------------------------------------------------------------------------
     20080        984        660          8        320          0   Library Totals

    ------------------------------------------------------------------------

================================================================================


      Code (inc. data)   RO Data    RW Data    ZI Data      Debug   

    201460      39264     506888       2440     292096     338892   Grand Totals
    201460      39264     506888       2440     292096     338892   ELF Image Totals
    201460      39264     506888       2440          0          0   ROM Totals

================================================================================

    Total RO  Size (Code + RO Data)               708348 ( 691.75kB)
    Total RW  Size (RW Data + ZI Data)            294536 ( 287.63kB)
    Total ROM Size (Code + RO Data + RW Data)     710788 ( 694.13kB)

================================================================================

